uuid,saved_timestamp,period_start,device_manufacturer,device_model,user_agent,cht_android_version,android_version,storage_free,storage_total,network_up_speed,network_down_speed
8,2024-08-02 00:00:00,2024-09-11,Google,Pixel 3,Chrome Mobile,4.15.0,10,100,200,100,200
