uuid,saved_timestamp,period_start,user_name,app_version,boot_time_min,boot_time_max,boot_time_count,doc_count_on_local_db
8,2024-08-02 00:00:00,2024-09-11,admin,4.15.0,0.5,1.5,2,20
