uuid,saved_timestamp,date_of_birth,sex,phone,phone2
p1,2024-08-01 00:00:00,1980-01-01,M,12345,54321
p2,2024-08-01 00:00:00,1990-05-15,F,67890,9876
