uuid,saved_timestamp,reported,form,from_phone,patient_id,place_id,contact_uuid,parent_uuid,grandparent_uuid
r1,2024-08-01 00:00:00,2023-08-01 08:00:00+00:00,form1,1234567890,p1,pl1,c1,p1,p2
r2,2024-08-01 00:00:00,2023-08-02 08:00:00+00:00,form2,0987654321,p2,pl2,c2,p2,p3
r3,2024-08-02 00:00:00,2023-08-03 08:00:00+00:00,form3,1122334455,p3,pl3,c3,p3,p4
r4,2024-08-02 00:00:00,2023-08-04 08:00:00+00:00,form4,5566778899,p4,pl4,c4,p4,p5
