uuid,saved_timestamp,place_id,contact_id
p1,2024-08-01 00:00:00,P-001,C-123
p2,2024-08-01 00:00:00,P-002,C-456
p3,2024-08-02 00:00:00,P-003,C-789
p5,2024-08-02 00:00:00,P-004,C-101
