uuid,saved_timestamp,sex,phone,phone2
p1,2024-08-01 00:00:00,M,12345,54321
p2,2024-08-01 00:00:00,F,67890,9876
