id,person,configured
person,TRUE,FALSE
clinic,FALSE,FALSE
district_hospital,FALSE,FALSE
health_center,FALSE,FALSE
