uuid,saved_timestamp,place_id
p1,2024-08-01 00:00:00,P-001
p2,2024-08-01 00:00:00,P-002
p3,2024-08-02 00:00:00,P-003
p5,2024-08-02 00:00:00,P-004
